// Jest Snapshot v1, https://goo.gl/fbAQLP

exports[`<Button /> should render Button component properly 1`] = `
<DocumentFragment>
  <button
    class="button"
  />
</DocumentFragment>
`;
